  Determining projects to restore...
  All projects are up-to-date for restore.
  TournamentEngine.Core -> C:\projects\boostday\TournamentWorkshop\TournamentEngine.Core\bin\Debug\net8.0\TournamentEngine.Core.dll
  TournamentEngine.Dashboard -> C:\projects\boostday\TournamentWorkshop\TournamentEngine.Dashboard\bin\Debug\net8.0\TournamentEngine.Dashboard.dll
  TournamentEngine.Tests -> C:\projects\boostday\TournamentWorkshop\TournamentEngine.Tests\bin\Debug\net8.0\TournamentEngine.Tests.dll
Test run for C:\projects\boostday\TournamentWorkshop\TournamentEngine.Tests\bin\Debug\net8.0\TournamentEngine.Tests.dll (.NETCoreApp,Version=v8.0)
VSTest version 18.0.1 (x64)

Starting test execution, please wait...
A total of 1 test files matched the specified pattern.
  Failed Hub_LargeSeriesIntegration_StreamsProgressively [920 ms]
  Error Message:
   Assert.AreEqual failed. Expected:<3>. Actual:<0>. Should complete all 3 tournaments
  Stack Trace:
     at TournamentEngine.Tests.Integration.FullStackIntegrationTests.Hub_LargeSeriesIntegration_StreamsProgressively() in C:\projects\boostday\TournamentWorkshop\TournamentEngine.Tests\Integration\FullStackIntegrationTests.cs:line 426

  Standard Output Messages:
 info: Microsoft.Hosting.Lifetime[14]
       Now listening on: http://localhost:5555
 info: Microsoft.Hosting.Lifetime[0]
       Application started. Press Ctrl+C to shut down.
 info: Microsoft.Hosting.Lifetime[0]
       Hosting environment: Production
 info: Microsoft.Hosting.Lifetime[0]
       Content root path: C:\projects\boostday\TournamentWorkshop\TournamentEngine.Tests\bin\Debug\net8.0
 info: TournamentEngine.Dashboard.Hubs.TournamentHub[0]
       Client connected: 4M_dIF3DOPJr_W005nDpMA
 info: TournamentEngine.Dashboard.Services.SignalRTournamentEventPublisher[0]
       Publishing event started: RPSLS with 12 bots
 info: TournamentEngine.Dashboard.Services.SignalRTournamentEventPublisher[0]
       Publishing match completed: Team5 vs Team2 - Winner: Draw
 info: TournamentEngine.Dashboard.Services.SignalRTournamentEventPublisher[0]
       Publishing match completed: Team5 vs Team7 - Winner: Draw
 info: TournamentEngine.Dashboard.Services.SignalRTournamentEventPublisher[0]
       Publishing match completed: Team5 vs Team11 - Winner: Draw
 info: TournamentEngine.Dashboard.Services.SignalRTournamentEventPublisher[0]
       Publishing match completed: Team5 vs Team8 - Winner: Draw
 info: TournamentEngine.Dashboard.Services.SignalRTournamentEventPublisher[0]
       Publishing match completed: Team5 vs Team12 - Winner: Draw
 info: TournamentEngine.Dashboard.Services.SignalRTournamentEventPublisher[0]
       Publishing match completed: Team5 vs Team9 - Winner: Draw
 info: TournamentEngine.Dashboard.Services.SignalRTournamentEventPublisher[0]
       Publishing match completed: Team5 vs Team6 - Winner: Draw
 info: TournamentEngine.Dashboard.Services.SignalRTournamentEventPublisher[0]
       Publishing match completed: Team5 vs Team10 - Winner: Draw
 info: TournamentEngine.Dashboard.Services.SignalRTournamentEventPublisher[0]
       Publishing match completed: Team5 vs Team1 - Winner: Draw
 info: TournamentEngine.Dashboard.Services.SignalRTournamentEventPublisher[0]
       Publishing match completed: Team5 vs Team4 - Winner: Draw
 info: TournamentEngine.Dashboard.Services.SignalRTournamentEventPublisher[0]
       Publishing match completed: Team5 vs Team3 - Winner: Draw
 info: TournamentEngine.Dashboard.Services.SignalRTournamentEventPublisher[0]
       Publishing match completed: Team2 vs Team7 - Winner: Draw
 info: TournamentEngine.Dashboard.Services.SignalRTournamentEventPublisher[0]
       Publishing match completed: Team2 vs Team11 - Winner: Draw
 info: TournamentEngine.Dashboard.Services.SignalRTournamentEventPublisher[0]
       Publishing match completed: Team2 vs Team8 - Winner: Draw
 info: TournamentEngine.Dashboard.Services.SignalRTournamentEventPublisher[0]
       Publishing match completed: Team2 vs Team12 - Winner: Draw
 info: TournamentEngine.Dashboard.Services.SignalRTournamentEventPublisher[0]
       Publishing match completed: Team2 vs Team9 - Winner: Draw
 info: TournamentEngine.Dashboard.Services.SignalRTournamentEventPublisher[0]
       Publishing match completed: Team2 vs Team6 - Winner: Draw
 info: TournamentEngine.Dashboard.Services.SignalRTournamentEventPublisher[0]
       Publishing match completed: Team2 vs Team10 - Winner: Draw
 info: TournamentEngine.Dashboard.Services.SignalRTournamentEventPublisher[0]
       Publishing match completed: Team2 vs Team1 - Winner: Draw
 info: TournamentEngine.Dashboard.Services.SignalRTournamentEventPublisher[0]
       Publishing match completed: Team2 vs Team4 - Winner: Draw
 info: TournamentEngine.Dashboard.Services.SignalRTournamentEventPublisher[0]
       Publishing match completed: Team2 vs Team3 - Winner: Draw
 info: TournamentEngine.Dashboard.Services.SignalRTournamentEventPublisher[0]
       Publishing match completed: Team7 vs Team11 - Winner: Draw
 info: TournamentEngine.Dashboard.Services.SignalRTournamentEventPublisher[0]
       Publishing match completed: Team7 vs Team8 - Winner: Draw
 info: TournamentEngine.Dashboard.Services.SignalRTournamentEventPublisher[0]
       Publishing match completed: Team7 vs Team12 - Winner: Draw
 info: TournamentEngine.Dashboard.Services.SignalRTournamentEventPublisher[0]
       Publishing match completed: Team7 vs Team9 - Winner: Draw
 info: TournamentEngine.Dashboard.Services.SignalRTournamentEventPublisher[0]
       Publishing match completed: Team7 vs Team6 - Winner: Draw
 info: TournamentEngine.Dashboard.Services.SignalRTournamentEventPublisher[0]
       Publishing match completed: Team7 vs Team10 - Winner: Draw
 info: TournamentEngine.Dashboard.Services.SignalRTournamentEventPublisher[0]
       Publishing match completed: Team7 vs Team1 - Winner: Draw
 info: TournamentEngine.Dashboard.Services.SignalRTournamentEventPublisher[0]
       Publishing match completed: Team7 vs Team4 - Winner: Draw
 info: TournamentEngine.Dashboard.Services.SignalRTournamentEventPublisher[0]
       Publishing match completed: Team7 vs Team3 - Winner: Draw
 info: TournamentEngine.Dashboard.Services.SignalRTournamentEventPublisher[0]
       Publishing match completed: Team11 vs Team8 - Winner: Draw
 info: TournamentEngine.Dashboard.Services.SignalRTournamentEventPublisher[0]
       Publishing match completed: Team11 vs Team12 - Winner: Draw
 info: TournamentEngine.Dashboard.Services.SignalRTournamentEventPublisher[0]
       Publishing match completed: Team11 vs Team9 - Winner: Draw
 info: TournamentEngine.Dashboard.Services.SignalRTournamentEventPublisher[0]
       Publishing match completed: Team11 vs Team6 - Winner: Draw
 info: TournamentEngine.Dashboard.Services.SignalRTournamentEventPublisher[0]
       Publishing match completed: Team11 vs Team10 - Winner: Draw
 info: TournamentEngine.Dashboard.Services.SignalRTournamentEventPublisher[0]
       Publishing match completed: Team11 vs Team1 - Winner: Draw
 info: TournamentEngine.Dashboard.Services.SignalRTournamentEventPublisher[0]
       Publishing match completed: Team11 vs Team4 - Winner: Draw
 info: TournamentEngine.Dashboard.Services.SignalRTournamentEventPublisher[0]
       Publishing match completed: Team11 vs Team3 - Winner: Draw
 info: TournamentEngine.Dashboard.Services.SignalRTournamentEventPublisher[0]
       Publishing match completed: Team8 vs Team12 - Winner: Draw
 info: TournamentEngine.Dashboard.Services.SignalRTournamentEventPublisher[0]
       Publishing match completed: Team8 vs Team9 - Winner: Draw
 info: TournamentEngine.Dashboard.Services.SignalRTournamentEventPublisher[0]
       Publishing match completed: Team8 vs Team6 - Winner: Draw
 info: TournamentEngine.Dashboard.Services.SignalRTournamentEventPublisher[0]
       Publishing match completed: Team8 vs Team10 - Winner: Draw
 info: TournamentEngine.Dashboard.Services.SignalRTournamentEventPublisher[0]
       Publishing match completed: Team8 vs Team1 - Winner: Draw
 info: TournamentEngine.Dashboard.Services.SignalRTournamentEventPublisher[0]
       Publishing match completed: Team8 vs Team4 - Winner: Draw
 info: TournamentEngine.Dashboard.Services.SignalRTournamentEventPublisher[0]
       Publishing match completed: Team8 vs Team3 - Winner: Draw
 info: TournamentEngine.Dashboard.Services.SignalRTournamentEventPublisher[0]
       Publishing match completed: Team12 vs Team9 - Winner: Draw
 info: TournamentEngine.Dashboard.Services.SignalRTournamentEventPublisher[0]
       Publishing match completed: Team12 vs Team6 - Winner: Draw
 info: TournamentEngine.Dashboard.Services.SignalRTournamentEventPublisher[0]
       Publishing match completed: Team12 vs Team10 - Winner: Draw
 info: TournamentEngine.Dashboard.Services.SignalRTournamentEventPublisher[0]
       Publishing match completed: Team12 vs Team1 - Winner: Draw
 info: TournamentEngine.Dashboard.Services.SignalRTournamentEventPublisher[0]
       Publishing match completed: Team12 vs Team4 - Winner: Draw
 info: TournamentEngine.Dashboard.Services.SignalRTournamentEventPublisher[0]
       Publishing match completed: Team12 vs Team3 - Winner: Draw
 info: TournamentEngine.Dashboard.Services.SignalRTournamentEventPublisher[0]
       Publishing match completed: Team9 vs Team6 - Winner: Draw
 info: TournamentEngine.Dashboard.Services.SignalRTournamentEventPublisher[0]
       Publishing match completed: Team9 vs Team10 - Winner: Draw
 info: TournamentEngine.Dashboard.Services.SignalRTournamentEventPublisher[0]
       Publishing match completed: Team9 vs Team1 - Winner: Draw
 info: TournamentEngine.Dashboard.Services.SignalRTournamentEventPublisher[0]
       Publishing match completed: Team9 vs Team4 - Winner: Draw
 info: TournamentEngine.Dashboard.Services.SignalRTournamentEventPublisher[0]
       Publishing match completed: Team9 vs Team3 - Winner: Draw
 info: TournamentEngine.Dashboard.Services.SignalRTournamentEventPublisher[0]
       Publishing match completed: Team6 vs Team10 - Winner: Draw
 info: TournamentEngine.Dashboard.Services.SignalRTournamentEventPublisher[0]
       Publishing match completed: Team6 vs Team1 - Winner: Draw
 info: TournamentEngine.Dashboard.Services.SignalRTournamentEventPublisher[0]
       Publishing match completed: Team6 vs Team4 - Winner: Draw
 info: TournamentEngine.Dashboard.Services.SignalRTournamentEventPublisher[0]
       Publishing match completed: Team6 vs Team3 - Winner: Draw
 info: TournamentEngine.Dashboard.Services.SignalRTournamentEventPublisher[0]
       Publishing match completed: Team10 vs Team1 - Winner: Draw
 info: TournamentEngine.Dashboard.Services.SignalRTournamentEventPublisher[0]
       Publishing match completed: Team10 vs Team4 - Winner: Draw
 info: TournamentEngine.Dashboard.Services.SignalRTournamentEventPublisher[0]
       Publishing match completed: Team10 vs Team3 - Winner: Draw
 info: TournamentEngine.Dashboard.Services.SignalRTournamentEventPublisher[0]
       Publishing match completed: Team1 vs Team4 - Winner: Draw
 info: TournamentEngine.Dashboard.Services.SignalRTournamentEventPublisher[0]
       Publishing match completed: Team1 vs Team3 - Winner: Draw
 info: TournamentEngine.Dashboard.Services.SignalRTournamentEventPublisher[0]
       Publishing match completed: Team4 vs Team3 - Winner: Draw
 info: TournamentEngine.Dashboard.Services.SignalRTournamentEventPublisher[0]
       Publishing standings update
 info: TournamentEngine.Dashboard.Services.SignalRTournamentEventPublisher[0]
       Publishing round started: Round 2
 info: TournamentEngine.Dashboard.Services.SignalRTournamentEventPublisher[0]
       Publishing round started: Round 2
 info: TournamentEngine.Dashboard.Services.SignalRTournamentEventPublisher[0]
       Publishing event completed: Champion = Team1
 info: TournamentEngine.Dashboard.Services.SignalRTournamentEventPublisher[0]
       Publishing event started: ColonelBlotto with 12 bots
 info: TournamentEngine.Dashboard.Services.SignalRTournamentEventPublisher[0]
       Publishing match completed: Team11 vs Team3 - Winner: Draw
 info: TournamentEngine.Dashboard.Services.SignalRTournamentEventPublisher[0]
       Publishing match completed: Team11 vs Team5 - Winner: Draw
 info: TournamentEngine.Dashboard.Services.SignalRTournamentEventPublisher[0]
       Publishing match completed: Team11 vs Team2 - Winner: Draw
 info: TournamentEngine.Dashboard.Services.SignalRTournamentEventPublisher[0]
       Publishing match completed: Team11 vs Team9 - Winner: Draw
 info: TournamentEngine.Dashboard.Services.SignalRTournamentEventPublisher[0]
       Publishing match completed: Team11 vs Team10 - Winner: Draw
 info: TournamentEngine.Dashboard.Services.SignalRTournamentEventPublisher[0]
       Publishing match completed: Team11 vs Team1 - Winner: Draw
 info: TournamentEngine.Dashboard.Services.SignalRTournamentEventPublisher[0]
       Publishing match completed: Team11 vs Team12 - Winner: Draw
 info: TournamentEngine.Dashboard.Services.SignalRTournamentEventPublisher[0]
       Publishing match completed: Team11 vs Team6 - Winner: Draw
 info: TournamentEngine.Dashboard.Services.SignalRTournamentEventPublisher[0]
       Publishing match completed: Team11 vs Team4 - Winner: Draw
 info: TournamentEngine.Dashboard.Services.SignalRTournamentEventPublisher[0]
       Publishing match completed: Team11 vs Team8 - Winner: Draw
 info: TournamentEngine.Dashboard.Services.SignalRTournamentEventPublisher[0]
       Publishing match completed: Team11 vs Team7 - Winner: Draw
 info: TournamentEngine.Dashboard.Services.SignalRTournamentEventPublisher[0]
       Publishing match completed: Team3 vs Team5 - Winner: Draw
 info: TournamentEngine.Dashboard.Services.SignalRTournamentEventPublisher[0]
       Publishing match completed: Team3 vs Team2 - Winner: Draw
 info: TournamentEngine.Dashboard.Services.SignalRTournamentEventPublisher[0]
       Publishing match completed: Team3 vs Team9 - Winner: Draw
 info: TournamentEngine.Dashboard.Services.SignalRTournamentEventPublisher[0]
       Publishing match completed: Team3 vs Team10 - Winner: Draw
 info: TournamentEngine.Dashboard.Services.SignalRTournamentEventPublisher[0]
       Publishing match completed: Team3 vs Team1 - Winner: Draw
 info: TournamentEngine.Dashboard.Services.SignalRTournamentEventPublisher[0]
       Publishing match completed: Team3 vs Team12 - Winner: Draw
 info: TournamentEngine.Dashboard.Services.SignalRTournamentEventPublisher[0]
       Publishing match completed: Team3 vs Team6 - Winner: Draw
 info: TournamentEngine.Dashboard.Services.SignalRTournamentEventPublisher[0]
       Publishing match completed: Team3 vs Team4 - Winner: Draw
 info: TournamentEngine.Dashboard.Services.SignalRTournamentEventPublisher[0]
       Publishing match completed: Team3 vs Team8 - Winner: Draw
 info: TournamentEngine.Dashboard.Services.SignalRTournamentEventPublisher[0]
       Publishing match completed: Team3 vs Team7 - Winner: Draw
 info: TournamentEngine.Dashboard.Services.SignalRTournamentEventPublisher[0]
       Publishing match completed: Team5 vs Team2 - Winner: Draw
 info: TournamentEngine.Dashboard.Services.SignalRTournamentEventPublisher[0]
       Publishing match completed: Team5 vs Team9 - Winner: Draw
 info: TournamentEngine.Dashboard.Services.SignalRTournamentEventPublisher[0]
       Publishing match completed: Team5 vs Team10 - Winner: Draw
 info: TournamentEngine.Dashboard.Services.SignalRTournamentEventPublisher[0]
       Publishing match completed: Team5 vs Team1 - Winner: Draw
 info: TournamentEngine.Dashboard.Services.SignalRTournamentEventPublisher[0]
       Publishing match completed: Team5 vs Team12 - Winner: Draw
 info: TournamentEngine.Dashboard.Services.SignalRTournamentEventPublisher[0]
       Publishing match completed: Team5 vs Team6 - Winner: Draw
 info: TournamentEngine.Dashboard.Services.SignalRTournamentEventPublisher[0]
       Publishing match completed: Team5 vs Team4 - Winner: Draw
 info: TournamentEngine.Dashboard.Services.SignalRTournamentEventPublisher[0]
       Publishing match completed: Team5 vs Team8 - Winner: Draw
 info: TournamentEngine.Dashboard.Services.SignalRTournamentEventPublisher[0]
       Publishing match completed: Team5 vs Team7 - Winner: Draw
 info: TournamentEngine.Dashboard.Services.SignalRTournamentEventPublisher[0]
       Publishing match completed: Team2 vs Team9 - Winner: Draw
 info: TournamentEngine.Dashboard.Services.SignalRTournamentEventPublisher[0]
       Publishing match completed: Team2 vs Team10 - Winner: Draw
 info: TournamentEngine.Dashboard.Services.SignalRTournamentEventPublisher[0]
       Publishing match completed: Team2 vs Team1 - Winner: Draw
 info: TournamentEngine.Dashboard.Services.SignalRTournamentEventPublisher[0]
       Publishing match completed: Team2 vs Team12 - Winner: Draw
 info: TournamentEngine.Dashboard.Services.SignalRTournamentEventPublisher[0]
       Publishing match completed: Team2 vs Team6 - Winner: Draw
 info: TournamentEngine.Dashboard.Services.SignalRTournamentEventPublisher[0]
       Publishing match completed: Team2 vs Team4 - Winner: Draw
 info: TournamentEngine.Dashboard.Services.SignalRTournamentEventPublisher[0]
       Publishing match completed: Team2 vs Team8 - Winner: Draw
 info: TournamentEngine.Dashboard.Services.SignalRTournamentEventPublisher[0]
       Publishing match completed: Team2 vs Team7 - Winner: Draw
 info: TournamentEngine.Dashboard.Services.SignalRTournamentEventPublisher[0]
       Publishing match completed: Team9 vs Team10 - Winner: Draw
 info: TournamentEngine.Dashboard.Services.SignalRTournamentEventPublisher[0]
       Publishing match completed: Team9 vs Team1 - Winner: Draw
 info: TournamentEngine.Dashboard.Services.SignalRTournamentEventPublisher[0]
       Publishing match completed: Team9 vs Team12 - Winner: Draw
 info: TournamentEngine.Dashboard.Services.SignalRTournamentEventPublisher[0]
       Publishing match completed: Team9 vs Team6 - Winner: Draw
 info: TournamentEngine.Dashboard.Services.SignalRTournamentEventPublisher[0]
       Publishing match completed: Team9 vs Team4 - Winner: Draw
 info: TournamentEngine.Dashboard.Services.SignalRTournamentEventPublisher[0]
       Publishing match completed: Team9 vs Team8 - Winner: Draw
 info: TournamentEngine.Dashboard.Services.SignalRTournamentEventPublisher[0]
       Publishing match completed: Team9 vs Team7 - Winner: Draw
 info: TournamentEngine.Dashboard.Services.SignalRTournamentEventPublisher[0]
       Publishing match completed: Team10 vs Team1 - Winner: Draw
 info: TournamentEngine.Dashboard.Services.SignalRTournamentEventPublisher[0]
       Publishing match completed: Team10 vs Team12 - Winner: Draw
 info: TournamentEngine.Dashboard.Services.SignalRTournamentEventPublisher[0]
       Publishing match completed: Team10 vs Team6 - Winner: Draw
 info: TournamentEngine.Dashboard.Services.SignalRTournamentEventPublisher[0]
       Publishing match completed: Team10 vs Team4 - Winner: Draw
 info: TournamentEngine.Dashboard.Services.SignalRTournamentEventPublisher[0]
       Publishing match completed: Team10 vs Team8 - Winner: Draw
 info: TournamentEngine.Dashboard.Services.SignalRTournamentEventPublisher[0]
       Publishing match completed: Team10 vs Team7 - Winner: Draw
 info: TournamentEngine.Dashboard.Services.SignalRTournamentEventPublisher[0]
       Publishing match completed: Team1 vs Team12 - Winner: Draw
 info: TournamentEngine.Dashboard.Services.SignalRTournamentEventPublisher[0]
       Publishing match completed: Team1 vs Team6 - Winner: Draw
 info: TournamentEngine.Dashboard.Services.SignalRTournamentEventPublisher[0]
       Publishing match completed: Team1 vs Team4 - Winner: Draw
 info: TournamentEngine.Dashboard.Services.SignalRTournamentEventPublisher[0]
       Publishing match completed: Team1 vs Team8 - Winner: Draw
 info: TournamentEngine.Dashboard.Services.SignalRTournamentEventPublisher[0]
       Publishing match completed: Team1 vs Team7 - Winner: Draw
 info: TournamentEngine.Dashboard.Services.SignalRTournamentEventPublisher[0]
       Publishing match completed: Team12 vs Team6 - Winner: Draw
 info: TournamentEngine.Dashboard.Services.SignalRTournamentEventPublisher[0]
       Publishing match completed: Team12 vs Team4 - Winner: Draw
 info: TournamentEngine.Dashboard.Services.SignalRTournamentEventPublisher[0]
       Publishing match completed: Team12 vs Team8 - Winner: Draw
 info: TournamentEngine.Dashboard.Services.SignalRTournamentEventPublisher[0]
       Publishing match completed: Team12 vs Team7 - Winner: Draw
 info: TournamentEngine.Dashboard.Services.SignalRTournamentEventPublisher[0]
       Publishing match completed: Team6 vs Team4 - Winner: Draw
 info: TournamentEngine.Dashboard.Services.SignalRTournamentEventPublisher[0]
       Publishing match completed: Team6 vs Team8 - Winner: Draw
 info: TournamentEngine.Dashboard.Services.SignalRTournamentEventPublisher[0]
       Publishing match completed: Team6 vs Team7 - Winner: Draw
 info: TournamentEngine.Dashboard.Services.SignalRTournamentEventPublisher[0]
       Publishing match completed: Team4 vs Team8 - Winner: Draw
 info: TournamentEngine.Dashboard.Services.SignalRTournamentEventPublisher[0]
       Publishing match completed: Team4 vs Team7 - Winner: Draw
 info: TournamentEngine.Dashboard.Services.SignalRTournamentEventPublisher[0]
       Publishing match completed: Team8 vs Team7 - Winner: Draw
 info: TournamentEngine.Dashboard.Services.SignalRTournamentEventPublisher[0]
       Publishing standings update
 info: TournamentEngine.Dashboard.Services.SignalRTournamentEventPublisher[0]
       Publishing round started: Round 2
 info: TournamentEngine.Dashboard.Services.SignalRTournamentEventPublisher[0]
       Publishing round started: Round 2
 info: TournamentEngine.Dashboard.Services.SignalRTournamentEventPublisher[0]
       Publishing event completed: Champion = Team1
 info: TournamentEngine.Dashboard.Services.SignalRTournamentEventPublisher[0]
       Publishing event started: PenaltyKicks with 12 bots
 info: TournamentEngine.Dashboard.Services.SignalRTournamentEventPublisher[0]
       Publishing match completed: Team12 vs Team5 - Winner: Draw
 info: TournamentEngine.Dashboard.Services.SignalRTournamentEventPublisher[0]
       Publishing match completed: Team12 vs Team2 - Winner: Draw
 info: TournamentEngine.Dashboard.Services.SignalRTournamentEventPublisher[0]
       Publishing match completed: Team12 vs Team11 - Winner: Draw
 info: TournamentEngine.Dashboard.Services.SignalRTournamentEventPublisher[0]
       Publishing match completed: Team12 vs Team7 - Winner: Draw
 info: TournamentEngine.Dashboard.Services.SignalRTournamentEventPublisher[0]
       Publishing match completed: Team12 vs Team8 - Winner: Draw
 info: TournamentEngine.Dashboard.Services.SignalRTournamentEventPublisher[0]
       Publishing match completed: Team12 vs Team1 - Winner: Draw
 info: TournamentEngine.Dashboard.Services.SignalRTournamentEventPublisher[0]
       Publishing match completed: Team12 vs Team3 - Winner: Draw
 info: TournamentEngine.Dashboard.Services.SignalRTournamentEventPublisher[0]
       Publishing match completed: Team12 vs Team9 - Winner: Draw
 info: TournamentEngine.Dashboard.Services.SignalRTournamentEventPublisher[0]
       Publishing match completed: Team12 vs Team10 - Winner: Draw
 info: TournamentEngine.Dashboard.Services.SignalRTournamentEventPublisher[0]
       Publishing match completed: Team12 vs Team4 - Winner: Draw
 info: TournamentEngine.Dashboard.Services.SignalRTournamentEventPublisher[0]
       Publishing match completed: Team12 vs Team6 - Winner: Draw
 info: TournamentEngine.Dashboard.Services.SignalRTournamentEventPublisher[0]
       Publishing match completed: Team5 vs Team2 - Winner: Draw
 info: TournamentEngine.Dashboard.Services.SignalRTournamentEventPublisher[0]
       Publishing match completed: Team5 vs Team11 - Winner: Draw
 info: TournamentEngine.Dashboard.Services.SignalRTournamentEventPublisher[0]
       Publishing match completed: Team5 vs Team7 - Winner: Draw
 info: TournamentEngine.Dashboard.Services.SignalRTournamentEventPublisher[0]
       Publishing match completed: Team5 vs Team8 - Winner: Draw
 info: TournamentEngine.Dashboard.Services.SignalRTournamentEventPublisher[0]
       Publishing match completed: Team5 vs Team1 - Winner: Draw
 info: TournamentEngine.Dashboard.Services.SignalRTournamentEventPublisher[0]
       Publishing match completed: Team5 vs Team3 - Winner: Draw
 info: TournamentEngine.Dashboard.Services.SignalRTournamentEventPublisher[0]
       Publishing match completed: Team5 vs Team9 - Winner: Draw
 info: TournamentEngine.Dashboard.Services.SignalRTournamentEventPublisher[0]
       Publishing match completed: Team5 vs Team10 - Winner: Draw
 info: TournamentEngine.Dashboard.Services.SignalRTournamentEventPublisher[0]
       Publishing match completed: Team5 vs Team4 - Winner: Draw
 info: TournamentEngine.Dashboard.Services.SignalRTournamentEventPublisher[0]
       Publishing match completed: Team5 vs Team6 - Winner: Draw
 info: TournamentEngine.Dashboard.Services.SignalRTournamentEventPublisher[0]
       Publishing match completed: Team2 vs Team11 - Winner: Draw
 info: TournamentEngine.Dashboard.Services.SignalRTournamentEventPublisher[0]
       Publishing match completed: Team2 vs Team7 - Winner: Draw
 info: TournamentEngine.Dashboard.Services.SignalRTournamentEventPublisher[0]
       Publishing match completed: Team2 vs Team8 - Winner: Draw
 info: TournamentEngine.Dashboard.Services.SignalRTournamentEventPublisher[0]
       Publishing match completed: Team2 vs Team1 - Winner: Draw
 info: TournamentEngine.Dashboard.Services.SignalRTournamentEventPublisher[0]
       Publishing match completed: Team2 vs Team3 - Winner: Draw
 info: TournamentEngine.Dashboard.Services.SignalRTournamentEventPublisher[0]
       Publishing match completed: Team2 vs Team9 - Winner: Draw
 info: TournamentEngine.Dashboard.Services.SignalRTournamentEventPublisher[0]
       Publishing match completed: Team2 vs Team10 - Winner: Draw
 info: TournamentEngine.Dashboard.Services.SignalRTournamentEventPublisher[0]
       Publishing match completed: Team2 vs Team4 - Winner: Draw
 info: TournamentEngine.Dashboard.Services.SignalRTournamentEventPublisher[0]
       Publishing match completed: Team2 vs Team6 - Winner: Draw
 info: TournamentEngine.Dashboard.Services.SignalRTournamentEventPublisher[0]
       Publishing match completed: Team11 vs Team7 - Winner: Draw
 info: TournamentEngine.Dashboard.Services.SignalRTournamentEventPublisher[0]
       Publishing match completed: Team11 vs Team8 - Winner: Draw
 info: TournamentEngine.Dashboard.Services.SignalRTournamentEventPublisher[0]
       Publishing match completed: Team11 vs Team1 - Winner: Draw
 info: TournamentEngine.Dashboard.Services.SignalRTournamentEventPublisher[0]
       Publishing match completed: Team11 vs Team3 - Winner: Draw
 info: TournamentEngine.Dashboard.Services.SignalRTournamentEventPublisher[0]
       Publishing match completed: Team11 vs Team9 - Winner: Draw
 info: TournamentEngine.Dashboard.Services.SignalRTournamentEventPublisher[0]
       Publishing match completed: Team11 vs Team10 - Winner: Draw
 info: TournamentEngine.Dashboard.Services.SignalRTournamentEventPublisher[0]
       Publishing match completed: Team11 vs Team4 - Winner: Draw
 info: TournamentEngine.Dashboard.Services.SignalRTournamentEventPublisher[0]
       Publishing match completed: Team11 vs Team6 - Winner: Draw
 info: TournamentEngine.Dashboard.Services.SignalRTournamentEventPublisher[0]
       Publishing match completed: Team7 vs Team8 - Winner: Draw
 info: TournamentEngine.Dashboard.Services.SignalRTournamentEventPublisher[0]
       Publishing match completed: Team7 vs Team1 - Winner: Draw
 info: TournamentEngine.Dashboard.Services.SignalRTournamentEventPublisher[0]
       Publishing match completed: Team7 vs Team3 - Winner: Draw
 info: TournamentEngine.Dashboard.Services.SignalRTournamentEventPublisher[0]
       Publishing match completed: Team7 vs Team9 - Winner: Draw
 info: TournamentEngine.Dashboard.Services.SignalRTournamentEventPublisher[0]
       Publishing match completed: Team7 vs Team10 - Winner: Draw
 info: TournamentEngine.Dashboard.Services.SignalRTournamentEventPublisher[0]
       Publishing match completed: Team7 vs Team4 - Winner: Draw
 info: TournamentEngine.Dashboard.Services.SignalRTournamentEventPublisher[0]
       Publishing match completed: Team7 vs Team6 - Winner: Draw
 info: TournamentEngine.Dashboard.Services.SignalRTournamentEventPublisher[0]
       Publishing match completed: Team8 vs Team1 - Winner: Draw
 info: TournamentEngine.Dashboard.Services.SignalRTournamentEventPublisher[0]
       Publishing match completed: Team8 vs Team3 - Winner: Draw
 info: TournamentEngine.Dashboard.Services.SignalRTournamentEventPublisher[0]
       Publishing match completed: Team8 vs Team9 - Winner: Draw
 info: TournamentEngine.Dashboard.Services.SignalRTournamentEventPublisher[0]
       Publishing match completed: Team8 vs Team10 - Winner: Draw
 info: TournamentEngine.Dashboard.Services.SignalRTournamentEventPublisher[0]
       Publishing match completed: Team8 vs Team4 - Winner: Draw
 info: TournamentEngine.Dashboard.Services.SignalRTournamentEventPublisher[0]
       Publishing match completed: Team8 vs Team6 - Winner: Draw
 info: TournamentEngine.Dashboard.Services.SignalRTournamentEventPublisher[0]
       Publishing match completed: Team1 vs Team3 - Winner: Draw
 info: TournamentEngine.Dashboard.Services.SignalRTournamentEventPublisher[0]
       Publishing match completed: Team1 vs Team9 - Winner: Draw
 info: TournamentEngine.Dashboard.Services.SignalRTournamentEventPublisher[0]
       Publishing match completed: Team1 vs Team10 - Winner: Draw
 info: TournamentEngine.Dashboard.Services.SignalRTournamentEventPublisher[0]
       Publishing match completed: Team1 vs Team4 - Winner: Draw
 info: TournamentEngine.Dashboard.Services.SignalRTournamentEventPublisher[0]
       Publishing match completed: Team1 vs Team6 - Winner: Draw
 info: TournamentEngine.Dashboard.Services.SignalRTournamentEventPublisher[0]
       Publishing match completed: Team3 vs Team9 - Winner: Draw
 info: TournamentEngine.Dashboard.Services.SignalRTournamentEventPublisher[0]
       Publishing match completed: Team3 vs Team10 - Winner: Draw
 info: TournamentEngine.Dashboard.Services.SignalRTournamentEventPublisher[0]
       Publishing match completed: Team3 vs Team4 - Winner: Draw
 info: TournamentEngine.Dashboard.Services.SignalRTournamentEventPublisher[0]
       Publishing match completed: Team3 vs Team6 - Winner: Draw
 info: TournamentEngine.Dashboard.Services.SignalRTournamentEventPublisher[0]
       Publishing match completed: Team9 vs Team10 - Winner: Draw
 info: TournamentEngine.Dashboard.Services.SignalRTournamentEventPublisher[0]
       Publishing match completed: Team9 vs Team4 - Winner: Draw
 info: TournamentEngine.Dashboard.Services.SignalRTournamentEventPublisher[0]
       Publishing match completed: Team9 vs Team6 - Winner: Draw
 info: TournamentEngine.Dashboard.Services.SignalRTournamentEventPublisher[0]
       Publishing match completed: Team10 vs Team4 - Winner: Draw
 info: TournamentEngine.Dashboard.Services.SignalRTournamentEventPublisher[0]
       Publishing match completed: Team10 vs Team6 - Winner: Draw
 info: TournamentEngine.Dashboard.Services.SignalRTournamentEventPublisher[0]
       Publishing match completed: Team4 vs Team6 - Winner: Draw
 info: TournamentEngine.Dashboard.Services.SignalRTournamentEventPublisher[0]
       Publishing standings update
 info: TournamentEngine.Dashboard.Services.SignalRTournamentEventPublisher[0]
       Publishing round started: Round 2
 info: TournamentEngine.Dashboard.Services.SignalRTournamentEventPublisher[0]
       Publishing round started: Round 2
 info: TournamentEngine.Dashboard.Services.SignalRTournamentEventPublisher[0]
       Publishing event completed: Champion = Team1
 info: Microsoft.Hosting.Lifetime[0]
       Application is shutting down...
 info: TournamentEngine.Dashboard.Hubs.TournamentHub[0]
       Client disconnected: 4M_dIF3DOPJr_W005nDpMA



Failed!  - Failed:     1, Passed:     8, Skipped:     0, Total:     9, Duration: 7 s - TournamentEngine.Tests.dll (net8.0)
